#! /c/Source/iverilog-install/bin/vvp
:ivl_version "12.0 (devel)" "(s20150603-1539-g2693dd32b)";
:ivl_delay_selection "TYPICAL";
:vpi_time_precision - 12;
:vpi_module "C:\iverilog\lib\ivl\system.vpi";
:vpi_module "C:\iverilog\lib\ivl\vhdl_sys.vpi";
:vpi_module "C:\iverilog\lib\ivl\vhdl_textio.vpi";
:vpi_module "C:\iverilog\lib\ivl\v2005_math.vpi";
:vpi_module "C:\iverilog\lib\ivl\va_math.vpi";
:vpi_module "C:\iverilog\lib\ivl\v2009.vpi";
S_0000027cf1705aa0 .scope package, "$unit" "$unit" 2 1;
 .timescale 0 0;
S_0000027cf1708d60 .scope module, "tb_compositor" "tb_compositor" 3 3;
 .timescale -9 -12;
P_0000027cf170c060 .param/l "NUM_OBJECTS" 1 3 5, +C4<00000000000000000000000000001000>;
v0000027cf170f450_0 .array/port v0000027cf170f450, 0;
L_0000027cf171ef90 .functor BUFZ 12, v0000027cf170f450_0, C4<000000000000>, C4<000000000000>, C4<000000000000>;
v0000027cf170f450_1 .array/port v0000027cf170f450, 1;
L_0000027cf171f4d0 .functor BUFZ 12, v0000027cf170f450_1, C4<000000000000>, C4<000000000000>, C4<000000000000>;
v0000027cf170f450_2 .array/port v0000027cf170f450, 2;
L_0000027cf171f690 .functor BUFZ 12, v0000027cf170f450_2, C4<000000000000>, C4<000000000000>, C4<000000000000>;
v0000027cf170f450_3 .array/port v0000027cf170f450, 3;
L_0000027cf171f1c0 .functor BUFZ 12, v0000027cf170f450_3, C4<000000000000>, C4<000000000000>, C4<000000000000>;
v0000027cf170f450_4 .array/port v0000027cf170f450, 4;
L_0000027cf171f380 .functor BUFZ 12, v0000027cf170f450_4, C4<000000000000>, C4<000000000000>, C4<000000000000>;
v0000027cf170f450_5 .array/port v0000027cf170f450, 5;
L_0000027cf171f0e0 .functor BUFZ 12, v0000027cf170f450_5, C4<000000000000>, C4<000000000000>, C4<000000000000>;
v0000027cf170f450_6 .array/port v0000027cf170f450, 6;
L_0000027cf171f230 .functor BUFZ 12, v0000027cf170f450_6, C4<000000000000>, C4<000000000000>, C4<000000000000>;
v0000027cf170f450_7 .array/port v0000027cf170f450, 7;
L_0000027cf171f2a0 .functor BUFZ 12, v0000027cf170f450_7, C4<000000000000>, C4<000000000000>, C4<000000000000>;
v0000027cf170f130_0 .var "active", 7 0;
v0000027cf170f1d0_0 .var "background_color", 11 0;
v0000027cf170f270_0 .var/2s "fail_count", 31 0;
v0000027cf170f310_0 .net "final_color", 11 0, v0000027cf17093f0_0;  1 drivers
v0000027cf170f3b0_0 .var/2s "pass_count", 31 0;
v0000027cf170f450 .array "pixel_color", 0 7, 11 0;
S_0000027cf17091c0 .scope autotask, "check_result" "check_result" 3 35, 3 35 0, S_0000027cf1708d60;
 .timescale -9 -12;
v0000027cf1708ef0_0 .var "expected", 11 0;
v0000027cf16e2f30_0 .var/str "test_name";
TD_tb_compositor.check_result ;
    %delay 1000, 0;
    %load/vec4 v0000027cf170f310_0;
    %load/vec4 v0000027cf1708ef0_0;
    %cmp/e;
    %jmp/0xz  T_0.0, 6;
    %vpi_call/w 3 38 "$display", "[PASS] %-40s expected=%h actual=%h", v0000027cf16e2f30_0, v0000027cf1708ef0_0, v0000027cf170f310_0 {0 0 0};
    ; show_stmt_assign_vector: Get l-value for compressed += operand
    %load/vec4 v0000027cf170f3b0_0;
    %pushi/vec4 1, 0, 32;
    %add;
    %cast2;
    %store/vec4 v0000027cf170f3b0_0, 0, 32;
    %jmp T_0.1;
T_0.0 ;
    %vpi_call/w 3 41 "$display", "[FAIL] %-40s expected=%h actual=%h", v0000027cf16e2f30_0, v0000027cf1708ef0_0, v0000027cf170f310_0 {0 0 0};
    ; show_stmt_assign_vector: Get l-value for compressed += operand
    %load/vec4 v0000027cf170f270_0;
    %pushi/vec4 1, 0, 32;
    %add;
    %cast2;
    %store/vec4 v0000027cf170f270_0, 0, 32;
T_0.1 ;
    %end;
S_0000027cf1714bd0 .scope module, "dut" "compositor" 3 24, 4 1 0, S_0000027cf1708d60;
 .timescale 0 0;
    .port_info 0 /INPUT 8 "active";
    .port_info 1 /INPUT 96 "pixel_color";
    .port_info 2 /INPUT 12 "background_color";
    .port_info 3 /OUTPUT 12 "final_color";
P_0000027cf170b360 .param/l "NUM_OBJECTS" 0 4 2, +C4<00000000000000000000000000001000>;
v0000027cf170c9e0_0 .net "active", 7 0, v0000027cf170f130_0;  1 drivers
v0000027cf1709350_0 .net "background_color", 11 0, v0000027cf170f1d0_0;  1 drivers
v0000027cf17093f0_0 .var "final_color", 11 0;
v0000027cf1709490_0 .var/2s "j", 31 0;
v0000027cf1709530 .array "pixel_color", 0 7;
v0000027cf1709530_0 .net v0000027cf1709530 0, 11 0, L_0000027cf171ef90; 1 drivers
v0000027cf1709530_1 .net v0000027cf1709530 1, 11 0, L_0000027cf171f4d0; 1 drivers
v0000027cf1709530_2 .net v0000027cf1709530 2, 11 0, L_0000027cf171f690; 1 drivers
v0000027cf1709530_3 .net v0000027cf1709530 3, 11 0, L_0000027cf171f1c0; 1 drivers
v0000027cf1709530_4 .net v0000027cf1709530 4, 11 0, L_0000027cf171f380; 1 drivers
v0000027cf1709530_5 .net v0000027cf1709530 5, 11 0, L_0000027cf171f0e0; 1 drivers
v0000027cf1709530_6 .net v0000027cf1709530 6, 11 0, L_0000027cf171f230; 1 drivers
v0000027cf1709530_7 .net v0000027cf1709530 7, 11 0, L_0000027cf171f2a0; 1 drivers
E_0000027cf170c260/0 .event anyedge, v0000027cf1709350_0, v0000027cf170c9e0_0, v0000027cf1709530_0, v0000027cf1709530_1;
E_0000027cf170c260/1 .event anyedge, v0000027cf1709530_2, v0000027cf1709530_3, v0000027cf1709530_4, v0000027cf1709530_5;
E_0000027cf170c260/2 .event anyedge, v0000027cf1709530_6, v0000027cf1709530_7;
E_0000027cf170c260 .event/or E_0000027cf170c260/0, E_0000027cf170c260/1, E_0000027cf170c260/2;
S_0000027cf170ef00 .scope autotask, "reset_objects" "reset_objects" 3 52, 3 52 0, S_0000027cf1708d60;
 .timescale -9 -12;
v0000027cf170f090_0 .var/2s "k", 31 0;
TD_tb_compositor.reset_objects ;
    %pushi/vec4 0, 0, 32;
    %store/vec4 v0000027cf170f090_0, 0, 32;
T_1.2 ;
    %load/vec4 v0000027cf170f090_0;
    %cmpi/s 8, 0, 32;
    %jmp/0xz T_1.3, 5;
    %pushi/vec4 0, 0, 1;
    %ix/getv/s 4, v0000027cf170f090_0;
    %store/vec4 v0000027cf170f130_0, 4, 1;
    %load/vec4 v0000027cf170f090_0;
    %muli 256, 0, 32;
    %pad/u 12;
    %ix/getv/s 4, v0000027cf170f090_0;
    %store/vec4a v0000027cf170f450, 4, 0;
    %load/vec4 v0000027cf170f090_0;
    %addi 1, 0, 32;
    %cast2;
    %store/vec4 v0000027cf170f090_0, 0, 32;
    %jmp T_1.2;
T_1.3 ;
    %end;
    .scope S_0000027cf1714bd0;
T_2 ;
Ewait_0 .event/or E_0000027cf170c260, E_0x0;
    %wait Ewait_0;
    %load/vec4 v0000027cf1709350_0;
    %store/vec4 v0000027cf17093f0_0, 0, 12;
    %pushi/vec4 0, 0, 32;
    %store/vec4 v0000027cf1709490_0, 0, 32;
T_2.0 ;
    %load/vec4 v0000027cf1709490_0;
    %cmpi/s 8, 0, 32;
    %jmp/0xz T_2.1, 5;
    %load/vec4 v0000027cf170c9e0_0;
    %load/vec4 v0000027cf1709490_0;
    %part/s 1;
    %pad/u 32;
    %cmpi/e 1, 0, 32;
    %jmp/0xz  T_2.2, 4;
    %ix/getv/s 4, v0000027cf1709490_0;
    %load/vec4a v0000027cf1709530, 4;
    %store/vec4 v0000027cf17093f0_0, 0, 12;
T_2.2 ;
    %load/vec4 v0000027cf1709490_0;
    %addi 1, 0, 32;
    %cast2;
    %store/vec4 v0000027cf1709490_0, 0, 32;
    %jmp T_2.0;
T_2.1 ;
    %jmp T_2;
    .thread T_2, $push;
    .scope S_0000027cf1708d60;
T_3 ;
    %pushi/vec4 0, 0, 32;
    %store/vec4 v0000027cf170f3b0_0, 0, 32;
    %pushi/vec4 0, 0, 32;
    %store/vec4 v0000027cf170f270_0, 0, 32;
    %end;
    .thread T_3, $init;
    .scope S_0000027cf1708d60;
T_4 ;
    %vpi_call/w 3 73 "$dumpfile", "tb_compositor.vcd" {0 0 0};
    %vpi_call/w 3 74 "$dumpvars", 32'sb00000000000000000000000000000000, S_0000027cf1708d60 {0 0 0};
    %vpi_call/w 3 76 "$display", "---- tb_compositor starting ----" {0 0 0};
    %pushi/vec4 4095, 0, 12;
    %store/vec4 v0000027cf170f1d0_0, 0, 12;
    %alloc S_0000027cf170ef00;
    %fork TD_tb_compositor.reset_objects, S_0000027cf170ef00;
    %join;
    %free S_0000027cf170ef00;
    %alloc S_0000027cf17091c0;
    %pushi/str "Test1_all_inactive_shows_background";
    %store/str v0000027cf16e2f30_0;
    %pushi/vec4 4095, 0, 12;
    %store/vec4 v0000027cf1708ef0_0, 0, 12;
    %fork TD_tb_compositor.check_result, S_0000027cf17091c0;
    %join;
    %free S_0000027cf17091c0;
    %alloc S_0000027cf170ef00;
    %fork TD_tb_compositor.reset_objects, S_0000027cf170ef00;
    %join;
    %free S_0000027cf170ef00;
    %pushi/vec4 1, 0, 1;
    %ix/load 4, 0, 0;
    %flag_set/imm 4, 0;
    %store/vec4 v0000027cf170f130_0, 4, 1;
    %alloc S_0000027cf17091c0;
    %pushi/str "Test2_only_slot0_active";
    %store/str v0000027cf16e2f30_0;
    %ix/load 4, 0, 0;
    %flag_set/imm 4, 0;
    %load/vec4a v0000027cf170f450, 4;
    %store/vec4 v0000027cf1708ef0_0, 0, 12;
    %fork TD_tb_compositor.check_result, S_0000027cf17091c0;
    %join;
    %free S_0000027cf17091c0;
    %alloc S_0000027cf170ef00;
    %fork TD_tb_compositor.reset_objects, S_0000027cf170ef00;
    %join;
    %free S_0000027cf170ef00;
    %pushi/vec4 1, 0, 1;
    %ix/load 4, 7, 0;
    %flag_set/imm 4, 0;
    %store/vec4 v0000027cf170f130_0, 4, 1;
    %alloc S_0000027cf17091c0;
    %pushi/str "Test3_only_slot7_active";
    %store/str v0000027cf16e2f30_0;
    %ix/load 4, 7, 0;
    %flag_set/imm 4, 0;
    %load/vec4a v0000027cf170f450, 4;
    %store/vec4 v0000027cf1708ef0_0, 0, 12;
    %fork TD_tb_compositor.check_result, S_0000027cf17091c0;
    %join;
    %free S_0000027cf17091c0;
    %alloc S_0000027cf170ef00;
    %fork TD_tb_compositor.reset_objects, S_0000027cf170ef00;
    %join;
    %free S_0000027cf170ef00;
    %pushi/vec4 1, 0, 1;
    %ix/load 4, 0, 0;
    %flag_set/imm 4, 0;
    %store/vec4 v0000027cf170f130_0, 4, 1;
    %pushi/vec4 1, 0, 1;
    %ix/load 4, 7, 0;
    %flag_set/imm 4, 0;
    %store/vec4 v0000027cf170f130_0, 4, 1;
    %alloc S_0000027cf17091c0;
    %pushi/str "Test4_slot0_and_slot7_overlap_slot7_wins";
    %store/str v0000027cf16e2f30_0;
    %ix/load 4, 7, 0;
    %flag_set/imm 4, 0;
    %load/vec4a v0000027cf170f450, 4;
    %store/vec4 v0000027cf1708ef0_0, 0, 12;
    %fork TD_tb_compositor.check_result, S_0000027cf17091c0;
    %join;
    %free S_0000027cf17091c0;
    %alloc S_0000027cf170ef00;
    %fork TD_tb_compositor.reset_objects, S_0000027cf170ef00;
    %join;
    %free S_0000027cf170ef00;
    %pushi/vec4 255, 0, 8;
    %store/vec4 v0000027cf170f130_0, 0, 8;
    %alloc S_0000027cf17091c0;
    %pushi/str "Test5_all_slots_active_slot7_wins";
    %store/str v0000027cf16e2f30_0;
    %ix/load 4, 7, 0;
    %flag_set/imm 4, 0;
    %load/vec4a v0000027cf170f450, 4;
    %store/vec4 v0000027cf1708ef0_0, 0, 12;
    %fork TD_tb_compositor.check_result, S_0000027cf17091c0;
    %join;
    %free S_0000027cf17091c0;
    %alloc S_0000027cf170ef00;
    %fork TD_tb_compositor.reset_objects, S_0000027cf170ef00;
    %join;
    %free S_0000027cf170ef00;
    %pushi/vec4 1, 0, 1;
    %ix/load 4, 2, 0;
    %flag_set/imm 4, 0;
    %store/vec4 v0000027cf170f130_0, 4, 1;
    %pushi/vec4 1, 0, 1;
    %ix/load 4, 4, 0;
    %flag_set/imm 4, 0;
    %store/vec4 v0000027cf170f130_0, 4, 1;
    %alloc S_0000027cf17091c0;
    %pushi/str "Test6_slot2_and_slot4_overlap_slot4_wins";
    %store/str v0000027cf16e2f30_0;
    %ix/load 4, 4, 0;
    %flag_set/imm 4, 0;
    %load/vec4a v0000027cf170f450, 4;
    %store/vec4 v0000027cf1708ef0_0, 0, 12;
    %fork TD_tb_compositor.check_result, S_0000027cf17091c0;
    %join;
    %free S_0000027cf17091c0;
    %vpi_call/w 3 116 "$display", "---- tb_compositor finished ----" {0 0 0};
    %vpi_call/w 3 117 "$display", "PASS: %0d   FAIL: %0d", v0000027cf170f3b0_0, v0000027cf170f270_0 {0 0 0};
    %load/vec4 v0000027cf170f270_0;
    %cmpi/e 0, 0, 32;
    %jmp/0xz  T_4.0, 4;
    %vpi_call/w 3 119 "$display", ">>> ALL TESTS PASSED <<<" {0 0 0};
    %jmp T_4.1;
T_4.0 ;
    %vpi_call/w 3 121 "$display", ">>> %0d TEST(S) FAILED -- check compositor.sv <<<", v0000027cf170f270_0 {0 0 0};
T_4.1 ;
    %vpi_call/w 3 123 "$finish" {0 0 0};
    %end;
    .thread T_4;
# The file index is used to find the file name in the following table.
:file_names 5;
    "N/A";
    "<interactive>";
    "-";
    "tb_compositor.sv";
    "compositor.sv";
