#! /c/Source/iverilog-install/bin/vvp
:ivl_version "12.0 (devel)" "(s20150603-1539-g2693dd32b)";
:ivl_delay_selection "TYPICAL";
:vpi_time_precision - 12;
:vpi_module "c:\iverilog\lib\ivl\system.vpi";
:vpi_module "c:\iverilog\lib\ivl\vhdl_sys.vpi";
:vpi_module "c:\iverilog\lib\ivl\vhdl_textio.vpi";
:vpi_module "c:\iverilog\lib\ivl\v2005_math.vpi";
:vpi_module "c:\iverilog\lib\ivl\va_math.vpi";
:vpi_module "c:\iverilog\lib\ivl\v2009.vpi";
S_000001fe77eb2db0 .scope package, "$unit" "$unit" 2 1;
 .timescale 0 0;
S_000001fe77eb2f40 .scope module, "game_controller" "game_controller" 3 3;
 .timescale -9 -12;
    .port_info 0 /INPUT 1 "clk_100MHz";
    .port_info 1 /INPUT 1 "reset";
    .port_info 2 /OUTPUT 1 "hsync";
    .port_info 3 /OUTPUT 1 "vsync";
    .port_info 4 /OUTPUT 1 "p_tick";
    .port_info 5 /OUTPUT 1 "video_on";
    .port_info 6 /OUTPUT 10 "x";
    .port_info 7 /OUTPUT 10 "y";
P_000001fe77ee4480 .param/l "HB" 0 3 15, +C4<00000000000000000000000000010000>;
P_000001fe77ee44b8 .param/l "HD" 0 3 13, +C4<00000000000000000000001010000000>;
P_000001fe77ee44f0 .param/l "HF" 0 3 14, +C4<00000000000000000000000000110000>;
P_000001fe77ee4528 .param/l "HMAX" 0 3 17, +C4<000000000000000000000000001100011111>;
P_000001fe77ee4560 .param/l "HR" 0 3 16, +C4<00000000000000000000000001100000>;
P_000001fe77ee4598 .param/l "VB" 0 3 21, +C4<00000000000000000000000000100001>;
P_000001fe77ee45d0 .param/l "VD" 0 3 19, +C4<00000000000000000000000111100000>;
P_000001fe77ee4608 .param/l "VF" 0 3 20, +C4<00000000000000000000000000001010>;
P_000001fe77ee4640 .param/l "VMAX" 0 3 23, +C4<000000000000000000000000001000001100>;
P_000001fe77ee4678 .param/l "VR" 0 3 22, +C4<00000000000000000000000000000010>;
L_000001fe77ee4100 .functor AND 1, L_000001fe77f490d0, L_000001fe77f498f0, C4<1>, C4<1>;
L_000001fe77ee35a0 .functor AND 1, L_000001fe77f49710, L_000001fe77f4a6b0, C4<1>, C4<1>;
L_000001fe77ee4170 .functor AND 1, L_000001fe77ee4100, L_000001fe77ee35a0, C4<1>, C4<1>;
L_000001fe77ee3760 .functor BUFZ 1, L_000001fe77f49a30, C4<0>, C4<0>, C4<0>;
L_000001fe77ee3d80 .functor BUFZ 10, v000001fe77f47a20_0, C4<0000000000>, C4<0000000000>, C4<0000000000>;
L_000001fe77ee3df0 .functor BUFZ 10, v000001fe77f473e0_0, C4<0000000000>, C4<0000000000>, C4<0000000000>;
L_000001fe77ee3d10 .functor AND 1, L_000001fe77f492b0, L_000001fe77f49fd0, C4<1>, C4<1>;
L_000001fe77ee3680 .functor AND 1, L_000001fe77f4a750, L_000001fe77f4a070, C4<1>, C4<1>;
L_000001fe77ee3ae0 .functor BUFZ 1, v000001fe77f472a0_0, C4<0>, C4<0>, C4<0>;
L_000001fe77ee3e60 .functor BUFZ 1, v000001fe77f47700_0, C4<0>, C4<0>, C4<0>;
v000001fe77edcb00_0 .net *"_ivl_0", 31 0, L_000001fe77f49df0;  1 drivers
L_000001fe77f4b4d0 .functor BUFT 1, C4<00>, C4<0>, C4<0>, C4<0>;
v000001fe77edc420_0 .net/2s *"_ivl_10", 1 0, L_000001fe77f4b4d0;  1 drivers
v000001fe77edc060_0 .net *"_ivl_12", 1 0, L_000001fe77f49d50;  1 drivers
v000001fe77edbde0_0 .net *"_ivl_16", 31 0, L_000001fe77f49030;  1 drivers
L_000001fe77f4b518 .functor BUFT 1, C4<0000000000000000000000>, C4<0>, C4<0>, C4<0>;
v000001fe77edbf20_0 .net *"_ivl_19", 21 0, L_000001fe77f4b518;  1 drivers
L_000001fe77f4b560 .functor BUFT 1, C4<00000000000000000000000000000000>, C4<0>, C4<0>, C4<0>;
v000001fe77edc100_0 .net/2u *"_ivl_20", 31 0, L_000001fe77f4b560;  1 drivers
v000001fe77edc2e0_0 .net *"_ivl_22", 0 0, L_000001fe77f490d0;  1 drivers
v000001fe77edc4c0_0 .net *"_ivl_24", 31 0, L_000001fe77f4a250;  1 drivers
L_000001fe77f4b5a8 .functor BUFT 1, C4<0000000000000000000000>, C4<0>, C4<0>, C4<0>;
v000001fe77f48740_0 .net *"_ivl_27", 21 0, L_000001fe77f4b5a8;  1 drivers
L_000001fe77f4b5f0 .functor BUFT 1, C4<00000000000000000000001001111111>, C4<0>, C4<0>, C4<0>;
v000001fe77f46f80_0 .net/2u *"_ivl_28", 31 0, L_000001fe77f4b5f0;  1 drivers
L_000001fe77f4b3f8 .functor BUFT 1, C4<000000000000000000000000000000>, C4<0>, C4<0>, C4<0>;
v000001fe77f48a60_0 .net *"_ivl_3", 29 0, L_000001fe77f4b3f8;  1 drivers
v000001fe77f48b00_0 .net *"_ivl_30", 0 0, L_000001fe77f498f0;  1 drivers
v000001fe77f48560_0 .net *"_ivl_33", 0 0, L_000001fe77ee4100;  1 drivers
v000001fe77f48920_0 .net *"_ivl_34", 31 0, L_000001fe77f49ad0;  1 drivers
L_000001fe77f4b638 .functor BUFT 1, C4<0000000000000000000000>, C4<0>, C4<0>, C4<0>;
v000001fe77f47200_0 .net *"_ivl_37", 21 0, L_000001fe77f4b638;  1 drivers
L_000001fe77f4b680 .functor BUFT 1, C4<00000000000000000000000000000000>, C4<0>, C4<0>, C4<0>;
v000001fe77f47ca0_0 .net/2u *"_ivl_38", 31 0, L_000001fe77f4b680;  1 drivers
L_000001fe77f4b440 .functor BUFT 1, C4<00000000000000000000000000000000>, C4<0>, C4<0>, C4<0>;
v000001fe77f47e80_0 .net/2u *"_ivl_4", 31 0, L_000001fe77f4b440;  1 drivers
v000001fe77f47de0_0 .net *"_ivl_40", 0 0, L_000001fe77f49710;  1 drivers
v000001fe77f48ba0_0 .net *"_ivl_42", 31 0, L_000001fe77f49f30;  1 drivers
L_000001fe77f4b6c8 .functor BUFT 1, C4<0000000000000000000000>, C4<0>, C4<0>, C4<0>;
v000001fe77f46d00_0 .net *"_ivl_45", 21 0, L_000001fe77f4b6c8;  1 drivers
L_000001fe77f4b710 .functor BUFT 1, C4<00000000000000000000000111011111>, C4<0>, C4<0>, C4<0>;
v000001fe77f484c0_0 .net/2u *"_ivl_46", 31 0, L_000001fe77f4b710;  1 drivers
v000001fe77f47980_0 .net *"_ivl_48", 0 0, L_000001fe77f4a6b0;  1 drivers
v000001fe77f48100_0 .net *"_ivl_51", 0 0, L_000001fe77ee35a0;  1 drivers
v000001fe77f47c00_0 .net *"_ivl_6", 0 0, L_000001fe77f49e90;  1 drivers
v000001fe77f489c0_0 .net *"_ivl_60", 31 0, L_000001fe77f49cb0;  1 drivers
L_000001fe77f4b758 .functor BUFT 1, C4<0000000000000000000000>, C4<0>, C4<0>, C4<0>;
v000001fe77f47fc0_0 .net *"_ivl_63", 21 0, L_000001fe77f4b758;  1 drivers
L_000001fe77f4b7a0 .functor BUFT 1, C4<00000000000000000000001010010000>, C4<0>, C4<0>, C4<0>;
v000001fe77f48880_0 .net/2u *"_ivl_64", 31 0, L_000001fe77f4b7a0;  1 drivers
v000001fe77f46da0_0 .net *"_ivl_66", 0 0, L_000001fe77f492b0;  1 drivers
v000001fe77f47f20_0 .net *"_ivl_68", 31 0, L_000001fe77f4a890;  1 drivers
L_000001fe77f4b7e8 .functor BUFT 1, C4<0000000000000000000000>, C4<0>, C4<0>, C4<0>;
v000001fe77f47d40_0 .net *"_ivl_71", 21 0, L_000001fe77f4b7e8;  1 drivers
L_000001fe77f4b830 .functor BUFT 1, C4<00000000000000000000001011101111>, C4<0>, C4<0>, C4<0>;
v000001fe77f48420_0 .net/2u *"_ivl_72", 31 0, L_000001fe77f4b830;  1 drivers
v000001fe77f47020_0 .net *"_ivl_74", 0 0, L_000001fe77f49fd0;  1 drivers
v000001fe77f48060_0 .net *"_ivl_78", 31 0, L_000001fe77f497b0;  1 drivers
L_000001fe77f4b488 .functor BUFT 1, C4<01>, C4<0>, C4<0>, C4<0>;
v000001fe77f46e40_0 .net/2s *"_ivl_8", 1 0, L_000001fe77f4b488;  1 drivers
L_000001fe77f4b878 .functor BUFT 1, C4<0000000000000000000000>, C4<0>, C4<0>, C4<0>;
v000001fe77f481a0_0 .net *"_ivl_81", 21 0, L_000001fe77f4b878;  1 drivers
L_000001fe77f4b8c0 .functor BUFT 1, C4<00000000000000000000001000000001>, C4<0>, C4<0>, C4<0>;
v000001fe77f47660_0 .net/2u *"_ivl_82", 31 0, L_000001fe77f4b8c0;  1 drivers
v000001fe77f48240_0 .net *"_ivl_84", 0 0, L_000001fe77f4a750;  1 drivers
v000001fe77f47160_0 .net *"_ivl_86", 31 0, L_000001fe77f4a610;  1 drivers
L_000001fe77f4b908 .functor BUFT 1, C4<0000000000000000000000>, C4<0>, C4<0>, C4<0>;
v000001fe77f48380_0 .net *"_ivl_89", 21 0, L_000001fe77f4b908;  1 drivers
L_000001fe77f4b950 .functor BUFT 1, C4<00000000000000000000001000000010>, C4<0>, C4<0>, C4<0>;
v000001fe77f482e0_0 .net/2u *"_ivl_90", 31 0, L_000001fe77f4b950;  1 drivers
v000001fe77f477a0_0 .net *"_ivl_92", 0 0, L_000001fe77f4a070;  1 drivers
o000001fe77ef4728 .functor BUFZ 1, C4<z>; HiZ drive
v000001fe77f47ac0_0 .net "clk_100MHz", 0 0, o000001fe77ef4728;  0 drivers
v000001fe77f48600_0 .net "clk_25MHz", 0 0, L_000001fe77f49a30;  1 drivers
v000001fe77f47a20_0 .var "hreg", 9 0;
v000001fe77f478e0_0 .var "hreg_next", 9 0;
v000001fe77f486a0_0 .net "hsync", 0 0, L_000001fe77ee3ae0;  1 drivers
v000001fe77f472a0_0 .var "hsync_reg", 0 0;
v000001fe77f487e0_0 .net "hsync_reg_next", 0 0, L_000001fe77ee3d10;  1 drivers
v000001fe77f46ee0_0 .net "p_tick", 0 0, L_000001fe77ee3760;  1 drivers
v000001fe77f475c0_0 .var "r_25MHz", 1 0;
o000001fe77ef48d8 .functor BUFZ 1, C4<z>; HiZ drive
v000001fe77f470c0_0 .net "reset", 0 0, o000001fe77ef48d8;  0 drivers
v000001fe77f47340_0 .net "video_on", 0 0, L_000001fe77ee4170;  1 drivers
v000001fe77f473e0_0 .var "vreg", 9 0;
v000001fe77f47480_0 .var "vreg_next", 9 0;
v000001fe77f47520_0 .net "vsync", 0 0, L_000001fe77ee3e60;  1 drivers
v000001fe77f47700_0 .var "vsync_reg", 0 0;
v000001fe77f47840_0 .net "vsync_reg_next", 0 0, L_000001fe77ee3680;  1 drivers
v000001fe77f47b60_0 .net "x", 9 0, L_000001fe77ee3d80;  1 drivers
v000001fe77f4aed0_0 .net "y", 9 0, L_000001fe77ee3df0;  1 drivers
E_000001fe77edcd10 .event anyedge, v000001fe77f47a20_0, v000001fe77f473e0_0, v000001fe77f48600_0;
E_000001fe77edd890 .event posedge, v000001fe77f470c0_0, v000001fe77f47ac0_0;
L_000001fe77f49df0 .concat [ 2 30 0 0], v000001fe77f475c0_0, L_000001fe77f4b3f8;
L_000001fe77f49e90 .cmp/eq 32, L_000001fe77f49df0, L_000001fe77f4b440;
L_000001fe77f49d50 .functor MUXZ 2, L_000001fe77f4b4d0, L_000001fe77f4b488, L_000001fe77f49e90, C4<>;
L_000001fe77f49a30 .part L_000001fe77f49d50, 0, 1;
L_000001fe77f49030 .concat [ 10 22 0 0], v000001fe77f47a20_0, L_000001fe77f4b518;
L_000001fe77f490d0 .cmp/ge 32, L_000001fe77f49030, L_000001fe77f4b560;
L_000001fe77f4a250 .concat [ 10 22 0 0], v000001fe77f47a20_0, L_000001fe77f4b5a8;
L_000001fe77f498f0 .cmp/ge 32, L_000001fe77f4b5f0, L_000001fe77f4a250;
L_000001fe77f49ad0 .concat [ 10 22 0 0], v000001fe77f473e0_0, L_000001fe77f4b638;
L_000001fe77f49710 .cmp/ge 32, L_000001fe77f49ad0, L_000001fe77f4b680;
L_000001fe77f49f30 .concat [ 10 22 0 0], v000001fe77f473e0_0, L_000001fe77f4b6c8;
L_000001fe77f4a6b0 .cmp/ge 32, L_000001fe77f4b710, L_000001fe77f49f30;
L_000001fe77f49cb0 .concat [ 10 22 0 0], v000001fe77f47a20_0, L_000001fe77f4b758;
L_000001fe77f492b0 .cmp/ge 32, L_000001fe77f49cb0, L_000001fe77f4b7a0;
L_000001fe77f4a890 .concat [ 10 22 0 0], v000001fe77f47a20_0, L_000001fe77f4b7e8;
L_000001fe77f49fd0 .cmp/ge 32, L_000001fe77f4b830, L_000001fe77f4a890;
L_000001fe77f497b0 .concat [ 10 22 0 0], v000001fe77f473e0_0, L_000001fe77f4b878;
L_000001fe77f4a750 .cmp/ge 32, L_000001fe77f497b0, L_000001fe77f4b8c0;
L_000001fe77f4a610 .concat [ 10 22 0 0], v000001fe77f473e0_0, L_000001fe77f4b908;
L_000001fe77f4a070 .cmp/ge 32, L_000001fe77f4b950, L_000001fe77f4a610;
    .scope S_000001fe77eb2f40;
T_0 ;
    %wait E_000001fe77edd890;
    %load/vec4 v000001fe77f470c0_0;
    %flag_set/vec4 8;
    %jmp/0xz  T_0.0, 8;
    %pushi/vec4 0, 0, 2;
    %assign/vec4 v000001fe77f475c0_0, 0;
    %jmp T_0.1;
T_0.0 ;
    %load/vec4 v000001fe77f475c0_0;
    %addi 1, 0, 2;
    %assign/vec4 v000001fe77f475c0_0, 0;
T_0.1 ;
    %jmp T_0;
    .thread T_0;
    .scope S_000001fe77eb2f40;
T_1 ;
    %wait E_000001fe77edd890;
    %load/vec4 v000001fe77f470c0_0;
    %flag_set/vec4 8;
    %jmp/0xz  T_1.0, 8;
    %pushi/vec4 0, 0, 1;
    %assign/vec4 v000001fe77f472a0_0, 0;
    %pushi/vec4 0, 0, 1;
    %assign/vec4 v000001fe77f47700_0, 0;
    %pushi/vec4 0, 0, 10;
    %assign/vec4 v000001fe77f47a20_0, 0;
    %pushi/vec4 0, 0, 10;
    %assign/vec4 v000001fe77f473e0_0, 0;
    %jmp T_1.1;
T_1.0 ;
    %load/vec4 v000001fe77f487e0_0;
    %assign/vec4 v000001fe77f472a0_0, 0;
    %load/vec4 v000001fe77f47840_0;
    %assign/vec4 v000001fe77f47700_0, 0;
    %load/vec4 v000001fe77f478e0_0;
    %assign/vec4 v000001fe77f47a20_0, 0;
    %load/vec4 v000001fe77f47480_0;
    %assign/vec4 v000001fe77f473e0_0, 0;
T_1.1 ;
    %jmp T_1;
    .thread T_1;
    .scope S_000001fe77eb2f40;
T_2 ;
Ewait_0 .event/or E_000001fe77edcd10, E_0x0;
    %wait Ewait_0;
    %load/vec4 v000001fe77f47a20_0;
    %store/vec4 v000001fe77f478e0_0, 0, 10;
    %load/vec4 v000001fe77f473e0_0;
    %store/vec4 v000001fe77f47480_0, 0, 10;
    %load/vec4 v000001fe77f48600_0;
    %flag_set/vec4 8;
    %jmp/0xz  T_2.0, 8;
    %load/vec4 v000001fe77f47a20_0;
    %pad/u 36;
    %cmpi/e 799, 0, 36;
    %jmp/0xz  T_2.2, 4;
    %pushi/vec4 0, 0, 10;
    %store/vec4 v000001fe77f478e0_0, 0, 10;
    %load/vec4 v000001fe77f473e0_0;
    %pad/u 36;
    %cmpi/e 524, 0, 36;
    %jmp/0xz  T_2.4, 4;
    %pushi/vec4 0, 0, 10;
    %store/vec4 v000001fe77f47480_0, 0, 10;
    %jmp T_2.5;
T_2.4 ;
    %load/vec4 v000001fe77f473e0_0;
    %addi 1, 0, 10;
    %store/vec4 v000001fe77f47480_0, 0, 10;
T_2.5 ;
    %jmp T_2.3;
T_2.2 ;
    %load/vec4 v000001fe77f47a20_0;
    %addi 1, 0, 10;
    %store/vec4 v000001fe77f478e0_0, 0, 10;
T_2.3 ;
T_2.0 ;
    %jmp T_2;
    .thread T_2, $push;
# The file index is used to find the file name in the following table.
:file_names 4;
    "N/A";
    "<interactive>";
    "-";
    "vga_controller.sv";
